// Jest Snapshot v1, https://goo.gl/fbAQLP

exports[`renders correctly 1`] = `
<a
  className="menu-nav-link"
>
  <span
    className="link-characters"
  >
    <span
      className="link-character"
      style={
        Object {
          "opacity": 0,
        }
      }
    >
      A
    </span>
    <span
      className="link-character"
      style={
        Object {
          "opacity": 0,
        }
      }
    >
      g
    </span>
    <span
      className="link-character"
      style={
        Object {
          "opacity": 0,
        }
      }
    >
      e
    </span>
    <span
      className="link-character"
      style={
        Object {
          "opacity": 0,
        }
      }
    >
      n
    </span>
    <span
      className="link-character"
      style={
        Object {
          "opacity": 0,
        }
      }
    >
      c
    </span>
    <span
      className="link-character"
      style={
        Object {
          "opacity": 0,
        }
      }
    >
      y
    </span>
  </span>
</a>
`;
