// Jest Snapshot v1, https://goo.gl/fbAQLP

exports[`renders correctly 1`] = `
<nav
  className="vertical-nav"
>
  <ul
    className="vertical-nav-links"
  >
    <li>
      <span
        className="link-wrapper active"
      >
        <span
          className="link-name"
          style={
            Object {
              "opacity": 0,
            }
          }
        >
          E
        </span>
        <span
          className="link-mask"
          style={
            Object {
              "transform": "translateX(-101%)",
            }
          }
        />
      </span>
    </li>
    <li>
      <span
        className="link-wrapper active"
      >
        <span
          className="link-name"
          style={
            Object {
              "opacity": 0,
            }
          }
        >
          T
        </span>
        <span
          className="link-mask"
          style={
            Object {
              "transform": "translateX(-101%)",
            }
          }
        />
      </span>
    </li>
    <li>
      <span
        className="link-wrapper active"
      >
        <span
          className="link-name"
          style={
            Object {
              "opacity": 0,
            }
          }
        >
          C
        </span>
        <span
          className="link-mask"
          style={
            Object {
              "transform": "translateX(-101%)",
            }
          }
        />
      </span>
    </li>
  </ul>
</nav>
`;
