// Jest Snapshot v1, https://goo.gl/fbAQLP

exports[`renders correctly 1`] = `
<div
  className="menu-nav-wrapper -flex"
>
  <nav
    className="menu-nav-links -flex"
  >
    <a
      className="menu-nav-link"
    >
      <span
        className="link-characters"
      >
        <span
          className="link-character"
        >
          a
        </span>
        <span
          className="link-character"
        >
          g
        </span>
        <span
          className="link-character"
        >
          e
        </span>
        <span
          className="link-character"
        >
          n
        </span>
        <span
          className="link-character"
        >
          c
        </span>
        <span
          className="link-character"
        >
          y
        </span>
      </span>
    </a>
    <a
      className="menu-nav-link"
    >
      <span
        className="link-characters"
      >
        <span
          className="link-character"
        >
          w
        </span>
        <span
          className="link-character"
        >
          o
        </span>
        <span
          className="link-character"
        >
          r
        </span>
        <span
          className="link-character"
        >
          k
        </span>
      </span>
    </a>
    <a
      className="menu-nav-link"
    >
      <span
        className="link-characters"
      >
        <span
          className="link-character"
        >
          j
        </span>
        <span
          className="link-character"
        >
          o
        </span>
        <span
          className="link-character"
        >
          u
        </span>
        <span
          className="link-character"
        >
          r
        </span>
        <span
          className="link-character"
        >
          n
        </span>
        <span
          className="link-character"
        >
          a
        </span>
        <span
          className="link-character"
        >
          l
        </span>
      </span>
    </a>
    <a
      className="menu-nav-link"
    >
      <span
        className="link-characters"
      >
        <span
          className="link-character"
        >
          c
        </span>
        <span
          className="link-character"
        >
          o
        </span>
        <span
          className="link-character"
        >
          n
        </span>
        <span
          className="link-character"
        >
          t
        </span>
        <span
          className="link-character"
        >
          a
        </span>
        <span
          className="link-character"
        >
          c
        </span>
        <span
          className="link-character"
        >
          t
        </span>
      </span>
    </a>
  </nav>
</div>
`;
