// Jest Snapshot v1, https://goo.gl/fbAQLP

exports[`renders correctly 1`] = `
<div
  className="menu-images"
>
  <div
    className="menu-slider"
  >
    <div
      className="slider-wrapper"
    >
      <div
        className="slide-wrapper"
      >
        <div
          className="slide-img"
        />
      </div>
      <div
        className="slide-wrapper"
      >
        <div
          className="slide-img"
          style={
            Object {
              "backgroundImage": "url(https://alfacharlie.b-cdn.net/wp-content/uploads/2019/05/Alfa-Charlie-Creative-Agency-home-e1558112927714.jpg)",
            }
          }
        />
      </div>
      <div
        className="slide-wrapper"
      >
        <div
          className="slide-img"
          style={
            Object {
              "backgroundImage": "url(https://alfacharlie.b-cdn.net/wp-content/uploads/2019/05/Alfa-Charlie-Creative-Agency-about-5.jpg)",
            }
          }
        />
      </div>
      <div
        className="slide-wrapper"
      >
        <div
          className="slide-img"
          style={
            Object {
              "backgroundImage": "url(https://alfacharlie.b-cdn.net/wp-content/uploads/2019/04/Alfa-Charlie-Creative-Agency-work.jpg)",
            }
          }
        />
      </div>
      <div
        className="slide-wrapper"
      >
        <div
          className="slide-img"
          style={
            Object {
              "backgroundImage": "url(https://alfacharlie.b-cdn.net/wp-content/uploads/2019/05/Alfa-Charlie-Creative-Agency-home-2.jpg)",
            }
          }
        />
      </div>
      <div
        className="slide-wrapper"
      >
        <div
          className="slide-img"
          style={
            Object {
              "backgroundImage": "url(https://alfacharlie.b-cdn.net/wp-content/uploads/2019/05/Alfa-Charlie-Creative-Agency-contact-2.jpg)",
            }
          }
        />
      </div>
    </div>
  </div>
</div>
`;
